[www.sun-immobilier.fr/a-vendre/index.html]
[backblue.gif]
[fade.gif]
[index.html]
[www.sun-immobilier.fr/a-vendre/2.html]
[cdnjs.cloudflare.com/ajax/libs/jqueryui/1.12.1/themes/smoothness/jquery-ui.min.css]
[maxcdn.bootstrapcdn.com/bootstrap/4.0.0-beta.2/css/bootstrap.min.css]
[maxcdn.bootstrapcdn.com/font-awesome/4.7.0/css/font-awesome.min.css]
[cdnjs.cloudflare.com/ajax/libs/animate.css/3.5.2/animate.css]
[cdnjs.cloudflare.com/ajax/libs/bootstrap-select/1.12.4/css/bootstrap-select.min.css]
[cdnjs.cloudflare.com/ajax/libs/lightgallery/1.6.8/css/lightgallery.css]
[cdnjs.cloudflare.com/ajax/libs/lightslider/1.1.6/css/lightslider.css]
[www.sun-immobilier.fr/css/fonts/style.css]
[www.sun-immobilier.fr/css/expre.css]
[www.sun-immobilier.fr/images/logoSite.png]
[www.sun-immobilier.fr/a-vendre/1.html]
[www.sun-immobilier.fr/a-vendre/3.html]
[www.sun-immobilier.fr/a-vendre/4.html]
[sunimmo.staticlbi.com/500x500/images/biens/1/c68f32442d163225475a64221e6968c0/original/photo_007b36c237792ed14c881ce459828860.jpg]
[www.sun-immobilier.fr/images/detail/detail-pieces2.png]
[www.sun-immobilier.fr/images/detail/detail-surface2.png]
[www.sun-immobilier.fr/images/detail/detail-chambre2.png]
[sunimmo.staticlbi.com/500x500/images/biens/1/2b4d9523ea53cf9ebc4eab085c8df45b/original/photo_a4b62682b9fdde71019501de58c1fa17.jpg]
[sunimmo.staticlbi.com/500x500/images/biens/1/53b6071632fb41310d80a59797e126ff/original/photo_0c9c25a6689aa3f8b38abedd80055ff1.jpg]
[sunimmo.staticlbi.com/500x500/images/biens/7/b6ed60e93f9dc1527ec183e7d932d2d9/original/photo_7e2206474850bcc10cf32c792423c415.jpg]
[sunimmo.staticlbi.com/500x500/images/biens/7/cc3e024079c6791cd8d2303f91b16f0a/original/photo_e1efb50134a0c2dfce964ce4c8bc27dd.jpg]
[sunimmo.staticlbi.com/500x500/images/biens/1/d7e7c02f293413eac7112f9a946f1d3e/original/photo_a4fd609a14cedf53c551af8ce959d3af.jpg]
[sunimmo.staticlbi.com/500x500/images/biens/7/86aa83dea6da9c8ce855ce735f503536/original/photo_272ffda194d4b4b092d42c935c5fb1a7.jpg]
[sunimmo.staticlbi.com/500x500/images/biens/1/c1ac449c73f26fff42e4cd7b076154ba/original/photo_6759d319900a41930997715abfae392f.jpg]
[sunimmo.staticlbi.com/500x500/images/biens/1/c3e0af090261ebfc67803a04ade3d9f8/original/photo_c450a05451add5830e5acc986be9ba6e.jpg]
[sunimmo.staticlbi.com/500x500/images/biens/1/0f130d89cf926aa61b4ee73d9cbddb11/original/photo_5f99e5ecfd027d8a93e177e3da108887.jpg]
[www.sun-immobilier.fr/images/alerteLst.png]
[www.sun-immobilier.fr/images/logo_footer.jpg]
[www.sun-immobilier.fr/images/logoLBI.png]
[www.sun-immobilier.fr/images/fnaim.png]
[www.sun-immobilier.fr/images/galian.png]
[www.sun-immobilier.fr/images/amip.png]
[ajax.googleapis.com/ajax/libs/jquery/1.10.1/jquery.min.js]
[cdnjs.cloudflare.com/ajax/libs/jqueryui/1.12.1/jquery-ui.min.js]
[cdnjs.cloudflare.com/ajax/libs/jarallax/1.9.0/jarallax.min.js]
[cdnjs.cloudflare.com/ajax/libs/jarallax/1.9.0/jarallax-element.min.js]
[cdnjs.cloudflare.com/ajax/libs/jarallax/1.9.0/jarallax-video.min.js]
[cdnjs.cloudflare.com/ajax/libs/popper.js/1.12.3/umd/popper.min.js]
[maxcdn.bootstrapcdn.com/bootstrap/4.0.0-beta.2/js/bootstrap.min.js]
[cdnjs.cloudflare.com/ajax/libs/bootstrap-select/1.12.4/js/bootstrap-select.min.js]
[cdnjs.cloudflare.com/ajax/libs/bodymovin/4.11.1/bodymovin.js]
[cdnjs.cloudflare.com/ajax/libs/Sharrre/1.3.5/jquery.sharrre.min.js]
[cdnjs.cloudflare.com/ajax/libs/animejs/2.2.0/anime.min.js]
[cdnjs.cloudflare.com/ajax/libs/scrollmonitor/1.2.0/scrollMonitor.js]
[cdnjs.cloudflare.com/ajax/libs/jvectormap/2.0.4/jquery-jvectormap.min.js]
[www.sun-immobilier.fr/js/build_1d387ff8db7e92faee6ef7ca1afb95bd.js]
[www.sun-immobilier.fr/js/build_82876cba56a65b89242ec428be2a89e2.js]
[www.sun-immobilier.fr/a-vendre/index.html]
[www.sun-immobilier.fr/a-vendre/images/favicon.html]
[www.sun-immobilier.fr/js/build_1de216c6d257b1ba0ec75fd7595e44d5.js]
[sunimmo.staticlbi.com/500x500/images/biens/7/b9901038e9ccef762969a147ee173eca/original/photo_5f99e5ecfd027d8a93e177e3da108887.jpg]
[sunimmo.staticlbi.com/500x500/images/biens/7/fc71882dbcec2f54f1522caaa2901306/original/photo_c4069ef87d2a23264b2ad310d0dcb095.jpg]
[sunimmo.staticlbi.com/500x500/images/biens/1/8269b092ce8c7078f32aae2496bf8a31/original/photo_7dc2d690f87aea8f27955f1c4544e2e1.jpg]
[sunimmo.staticlbi.com/500x500/images/biens/1/63e6c958610a43cf5eab561071b621a7/original/photo_d4a0666c1c1f56a48e373eff571e9f4b.jpg]
[sunimmo.staticlbi.com/500x500/images/biens/1/051c33990aaf66e7df4ab99a7edeb77b/original/photo_6861a8e103c9a2986bd194a2c4c321f7.jpg]
[sunimmo.staticlbi.com/500x500/images/biens/1/631568547eea1ea26c32be46a5ea732f/original/photo_b07981dbc2d20f6a61dc6280fbfc2146.jpg]
[sunimmo.staticlbi.com/500x500/images/biens/1/143a7f53e077028b7b6f4c1ca6a2c0bc/original/photo_51c80fe26b747d5a97a870b0b91de3c8.jpg]
[sunimmo.staticlbi.com/500x500/images/biens/5/26e24e66554c44d897a0fe224235e481/original/0878b2c59a50cf2e2c269763f79511b8.jpg]
[sunimmo.staticlbi.com/500x500/images/biens/1/f0918c67b40909e759464c51e624cd4e/original/photo_a7aed3097c403f47cfd100feca545de9.jpg]
[sunimmo.staticlbi.com/500x500/images/biens/1/521aaf9ee5a4c237576a727d1a38b811/original/photo_484fdad797b5043d2be48da9c916ae37.jpg]
[www.sun-immobilier.fr/a-vendre/2.html]
[cdnjs.cloudflare.com/ajax/libs/jqueryui/1.12.1/themes/smoothness/images/ui-bg_highlight-soft_75_cccccc_1x100.png]
[cdnjs.cloudflare.com/ajax/libs/jqueryui/1.12.1/themes/smoothness/images/ui-bg_glass_75_e6e6e6_1x400.png]
[cdnjs.cloudflare.com/ajax/libs/jqueryui/1.12.1/themes/smoothness/images/ui-bg_glass_75_dadada_1x400.png]
[cdnjs.cloudflare.com/ajax/libs/jqueryui/1.12.1/themes/smoothness/images/ui-bg_glass_65_ffffff_1x400.png]
[cdnjs.cloudflare.com/ajax/libs/jqueryui/1.12.1/themes/smoothness/images/ui-bg_glass_55_fbf9ee_1x400.png]
[cdnjs.cloudflare.com/ajax/libs/jqueryui/1.12.1/themes/smoothness/images/ui-bg_glass_95_fef1ec_1x400.png]
[cdnjs.cloudflare.com/ajax/libs/jqueryui/1.12.1/themes/smoothness/images/ui-icons_222222_256x240.png]
[cdnjs.cloudflare.com/ajax/libs/jqueryui/1.12.1/themes/smoothness/images/ui-icons_454545_256x240.png]
[cdnjs.cloudflare.com/ajax/libs/jqueryui/1.12.1/themes/smoothness/images/ui-icons_2e83ff_256x240.png]
[cdnjs.cloudflare.com/ajax/libs/jqueryui/1.12.1/themes/smoothness/images/ui-icons_cd0a0a_256x240.png]
[cdnjs.cloudflare.com/ajax/libs/jqueryui/1.12.1/themes/smoothness/jquery-ui.min.css]
[maxcdn.bootstrapcdn.com/bootstrap/4.0.0-beta.2/css/bootstrap.min.css]
[maxcdn.bootstrapcdn.com/font-awesome/4.7.0/css/font-awesome.min.css]
[cdnjs.cloudflare.com/ajax/libs/animate.css/3.5.2/animate.css]
[cdnjs.cloudflare.com/ajax/libs/bootstrap-select/1.12.4/css/bootstrap-select.min.css]
[cdnjs.cloudflare.com/ajax/libs/jqueryui/1.12.1/themes/smoothness/images/ui-icons_888888_256x240.png]
[cdnjs.cloudflare.com/ajax/libs/lightgallery/1.6.8/img/vimeo-play.png]
[cdnjs.cloudflare.com/ajax/libs/lightgallery/1.6.8/img/video-play.png]
[cdnjs.cloudflare.com/ajax/libs/lightgallery/1.6.8/img/youtube-play.png]
[cdnjs.cloudflare.com/ajax/libs/lightgallery/1.6.8/css/lightgallery.css]
[cdnjs.cloudflare.com/ajax/libs/lightgallery/1.6.8/img/loading.gif]
[cdnjs.cloudflare.com/ajax/libs/lightslider/1.1.6/img/controls.png]
[cdnjs.cloudflare.com/ajax/libs/lightslider/1.1.6/css/lightslider.css]
[www.sun-immobilier.fr/css/fonts/prd2db18.eot]
[www.sun-immobilier.fr/css/fonts/prd2db18.ttf]
[www.sun-immobilier.fr/css/fonts/prd2db18.woff]
[www.sun-immobilier.fr/css/fonts/newFontPrd264ed.eot]
[www.sun-immobilier.fr/css/fonts/newFontPrd264ed.ttf]
[www.sun-immobilier.fr/css/fonts/newFontPrd264ed.woff]
[www.sun-immobilier.fr/css/fonts/style.css]
[www.sun-immobilier.fr/images/famfamfam-flags.png]
[www.sun-immobilier.fr/images/panel1/1.jpg]
[www.sun-immobilier.fr/images/img-inner.jpg]
[www.sun-immobilier.fr/css/expre.css]
[www.googletagmanager.com/gtm5445.html]
[www.sun-immobilier.fr/a-vendre/1.html]
[sunimmo.staticlbi.com/500x500/images/biens/1/770aa4163e1c7d2d87c54ef0ccee6352/original/photo_d65ae7549f69d363c76ae4d0bf26ac18.jpg]
[sunimmo.staticlbi.com/500x500/images/biens/1/55193fc7efd775bc03c9dd710fb0cb78/original/photo_a244fad813475bdb5f12dd296446883e.jpg]
[sunimmo.staticlbi.com/500x500/images/biens/7/ca63df1c6a1a15cc4b191134593b8512/original/photo_a244fad813475bdb5f12dd296446883e.jpg]
[sunimmo.staticlbi.com/500x500/images/biens/1/08f42674ab43561e16ea27891552f5e4/original/photo_63f934057786b3b7497d12db18eedafe.jpg]
[sunimmo.staticlbi.com/500x500/images/biens/7/4e7cb27541d3bb955b59f09478fad17b/original/photo_682359ea8f736e11ac4dbe8ff15db86f.jpg]
[sunimmo.staticlbi.com/500x500/images/biens/1/25d6d195dd2c1b8a97a05ad8a4b833bb/original/photo_f5e65dcd5de0f91a5b9556bd865733d8.jpg]
[sunimmo.staticlbi.com/500x500/images/biens/1/032920b3716b73372ba2c3e92fff8335/original/photo_2c0018524bddb25ba39c983babe7da5d.jpg]
[sunimmo.staticlbi.com/500x500/images/biens/1/8290dc3bb8091bab241cc7ec49821adf/original/photo_f0c2d6d870a652a61544ada3f4494dcb.jpg]
[sunimmo.staticlbi.com/500x500/images/biens/1/e919c647504cb286b358bcde4ead1ab0/original/photo_ee25fbf47edbf8c9ee6e6832a734e19a.jpg]
[sunimmo.staticlbi.com/500x500/images/biens/1/109e337b69c2d8b686b56c66c73fc0ef/original/photo_5674c1979a197fd1b538e2c934673f9b.jpg]
[www.sun-immobilier.fr/a-vendre/3.html]
[sunimmo.staticlbi.com/500x500/images/biens/1/8dc96e724de98f14699023afe214842d/original/photo_0ddb0c219ed4bb0a534f9f38f04bcba2.jpg]
[sunimmo.staticlbi.com/500x500/images/biens/1/63a48537dcc0c4a92b511605901e6004/original/photo_323699d526d1bd2273874f8e32f6f307.jpg]
[sunimmo.staticlbi.com/500x500/images/biens/7/fc0333a7214d26994ad848f61d6c00b9/original/photo_43443cc053390bc3d73bf51aaf09c7bd.jpg]
[sunimmo.staticlbi.com/500x500/images/biens/1/79217e3d940b31ed6bd5adefb29bdd4b/original/photo_343bcdcf28aa168cf6e222ce98edfc19.jpg]
[sunimmo.staticlbi.com/500x500/images/biens/1/ea3f0aca084f020c04f0e509ee316e59/original/10cfff196af1aeb46376f3cf9b7f4629.jpg]
[sunimmo.staticlbi.com/500x500/images/biens/1/a0aa15f96b516442f836c136f4f06523/original/fc71becf0c992be4128353e77bd0313d.jpg]
[sunimmo.staticlbi.com/500x500/images/biens/1/5cea717e4b6438a1dd8700f809dc5df9/original/photo_d7fb759a08b3e4dbf78ca20efd6baee7.jpg]
[sunimmo.staticlbi.com/500x500/images/biens/1/32df5a9fae48fe72da82283d791e59f2/original/photo_25eff71153a07108541be9bf44027b22.png]
[sunimmo.staticlbi.com/500x500/images/biens/5/75eab444df59ed442a6592eba4709bb0/original/photo_d8adb1c2c6a32db7837bd4e4dd4b3d46.jpg]
[sunimmo.staticlbi.com/500x500/images/biens/7/14428569fbc4f85b03b240a0bbcb8cc1/original/photo_c8b07bc894afd131743fd3af8d991f97.jpg]
[www.sun-immobilier.fr/a-vendre/4.html]
[www.sun-immobilier.fr/css/fonts/prd2db18.svg]
[www.sun-immobilier.fr/css/fonts/newFontPrd264ed.svg]
