[www.sun-immobilier.fr/a-louer/index.html]
[backblue.gif]
[fade.gif]
[index.html]
[www.sun-immobilier.fr/a-louer/2.html]
[cdnjs.cloudflare.com/ajax/libs/jqueryui/1.12.1/themes/smoothness/jquery-ui.min.css]
[maxcdn.bootstrapcdn.com/bootstrap/4.0.0-beta.2/css/bootstrap.min.css]
[maxcdn.bootstrapcdn.com/font-awesome/4.7.0/css/font-awesome.min.css]
[cdnjs.cloudflare.com/ajax/libs/animate.css/3.5.2/animate.css]
[cdnjs.cloudflare.com/ajax/libs/bootstrap-select/1.12.4/css/bootstrap-select.min.css]
[cdnjs.cloudflare.com/ajax/libs/lightgallery/1.6.8/css/lightgallery.css]
[cdnjs.cloudflare.com/ajax/libs/lightslider/1.1.6/css/lightslider.css]
[www.sun-immobilier.fr/css/fonts/style.css]
[www.sun-immobilier.fr/css/expre.css]
[www.sun-immobilier.fr/images/logoSite.png]
[www.sun-immobilier.fr/a-louer/1.html]
[www.sun-immobilier.fr/a-louer/3.html]
[www.sun-immobilier.fr/a-louer/4.html]
[sunimmo.staticlbi.com/500x500/images/biens/6/ff2a8cdc5edeb047c2f12c4e8b46623f/original/photo_a0fd6b275e6e51c13a41bee3ae3ef535.jpg]
[www.sun-immobilier.fr/images/detail/detail-pieces2.png]
[www.sun-immobilier.fr/images/detail/detail-surface2.png]
[www.sun-immobilier.fr/images/detail/detail-chambre2.png]
[sunimmo.staticlbi.com/500x500/images/biens/6/2fc826d6841fdba222eefdad146537ce/original/photo_a0d6bedafc794c62d0a38fca6e12def9.jpg]
[sunimmo.staticlbi.com/500x500/images/biens/6/52d40da13f7101906cd223415a05788b/original/photo_02b954fc564244d122361565bb7671ed.jpg]
[sunimmo.staticlbi.com/500x500/images/biens/6/8986492baeeb6178ac2fd2f0092a123b/original/photo_17b3f7daea9b2f4ebc965866f96d3635.jpg]
[sunimmo.staticlbi.com/500x500/images/biens/1/1a76e67cbbbe52846d900674ed30f472/original/photo_979f62575f5f6006eae61beeced36702.jpg]
[sunimmo.staticlbi.com/500x500/images/biens/6/bb720fb40fee3dfb24282bc73c354cac/original/photo_cdbdf8397dc72e41cda896d2ed71a2aa.jpg]
[sunimmo.staticlbi.com/500x500/images/biens/6/a66049606fdab008b0b211c150d7404c/original/photo_faff3470f154a546cae5a81ca3085ef1.jpg]
[sunimmo.staticlbi.com/500x500/images/biens/6/72a0e11564b9132bd61cda35f294ee7a/32_photo_5083420702aa0bedeb6564f6c4686616.jpg]
[sunimmo.staticlbi.com/500x500/images/biens/1/4a4d5b872a35c641c510faf8abebcfd6/original/87fa78a0991efb1825156135a77676a9.jpg]
[sunimmo.staticlbi.com/500x500/images/biens/6/9c3f2dd513dc418c7fdf6dbd1ae624d0/original/photo_2f98b8a9b0883c4d8955f9e74ade0ead.jpg]
[www.sun-immobilier.fr/images/alerteLst.png]
[www.sun-immobilier.fr/images/logo_footer.jpg]
[www.sun-immobilier.fr/images/logoLBI.png]
[www.sun-immobilier.fr/images/fnaim.png]
[www.sun-immobilier.fr/images/galian.png]
[www.sun-immobilier.fr/images/amip.png]
[ajax.googleapis.com/ajax/libs/jquery/1.10.1/jquery.min.js]
[cdnjs.cloudflare.com/ajax/libs/jqueryui/1.12.1/jquery-ui.min.js]
[cdnjs.cloudflare.com/ajax/libs/jarallax/1.9.0/jarallax.min.js]
[cdnjs.cloudflare.com/ajax/libs/jarallax/1.9.0/jarallax-element.min.js]
[cdnjs.cloudflare.com/ajax/libs/jarallax/1.9.0/jarallax-video.min.js]
[cdnjs.cloudflare.com/ajax/libs/popper.js/1.12.3/umd/popper.min.js]
[maxcdn.bootstrapcdn.com/bootstrap/4.0.0-beta.2/js/bootstrap.min.js]
[cdnjs.cloudflare.com/ajax/libs/bootstrap-select/1.12.4/js/bootstrap-select.min.js]
[cdnjs.cloudflare.com/ajax/libs/bodymovin/4.11.1/bodymovin.js]
[cdnjs.cloudflare.com/ajax/libs/Sharrre/1.3.5/jquery.sharrre.min.js]
[cdnjs.cloudflare.com/ajax/libs/animejs/2.2.0/anime.min.js]
[cdnjs.cloudflare.com/ajax/libs/scrollmonitor/1.2.0/scrollMonitor.js]
[cdnjs.cloudflare.com/ajax/libs/jvectormap/2.0.4/jquery-jvectormap.min.js]
[www.sun-immobilier.fr/js/build_1d387ff8db7e92faee6ef7ca1afb95bd.js]
[www.sun-immobilier.fr/js/build_82876cba56a65b89242ec428be2a89e2.js]
[www.sun-immobilier.fr/a-louer/index.html]
[www.sun-immobilier.fr/a-louer/images/favicon.html]
[www.sun-immobilier.fr/js/build_1de216c6d257b1ba0ec75fd7595e44d5.js]
[sunimmo.staticlbi.com/500x500/images/biens/6/28f5ac45452697650c2879b436c053fd/original/photo_8d6ce9350b41694dfa96713216d1fc29.jpg]
[sunimmo.staticlbi.com/500x500/images/biens/6/14b6a5d40b98e588802ecfbdabfa06d0/original/photo_28a7c66b64bd6f32762783c888b6cbb7.jpg]
[sunimmo.staticlbi.com/500x500/images/biens/6/e128e545eee421a2724e4f31e7b988ea/original/photo_76baee9b7dec83f93a9e8717fee5fac4.jpg]
[sunimmo.staticlbi.com/500x500/images/biens/6/c06b9e42459a499e6a638e62da858bc8/original/photo_7c7129e0d940504571fda5aa7fe34e91.jpg]
[sunimmo.staticlbi.com/500x500/images/biens/1/cf8e433c34dc79d9dd5c552cdacbc135/original/bbe9e0fccd138d340826bb8da7ac9447.jpg]
[sunimmo.staticlbi.com/500x500/images/biens/6/81745abd2088e22c994b6d1938066a56/original/photo_ea6f85b59609cd9a0449c6afc0c4509a.jpg]
[sunimmo.staticlbi.com/500x500/images/biens/6/b08a1517a0e894316121f32cea932b7e/original/photo_00dbf809de3b848fe81fa7f9212004c8.jpg]
[sunimmo.staticlbi.com/500x500/images/biens/6/c68d7c229ed5ec76c071547da8fdd1b7/original/photo_2c68ec0fbe570d41840bef5aa5c8a66d.jpg]
[sunimmo.staticlbi.com/500x500/images/biens/1/84f78e963cd5243398359fa2baab4ea2/original/64cb3cb6fda6e5cdedd8750b1e5277dd.jpg]
[sunimmo.staticlbi.com/500x500/images/biens/1/03ceb8017f705468ee965a12cc243f4f/original/f2f2da0befef479f2120e6d8e8d58e7f.jpg]
[www.sun-immobilier.fr/a-louer/2.html]
[cdnjs.cloudflare.com/ajax/libs/jqueryui/1.12.1/themes/smoothness/images/ui-bg_highlight-soft_75_cccccc_1x100.png]
[cdnjs.cloudflare.com/ajax/libs/jqueryui/1.12.1/themes/smoothness/images/ui-bg_glass_75_e6e6e6_1x400.png]
[cdnjs.cloudflare.com/ajax/libs/jqueryui/1.12.1/themes/smoothness/images/ui-bg_glass_75_dadada_1x400.png]
[cdnjs.cloudflare.com/ajax/libs/jqueryui/1.12.1/themes/smoothness/images/ui-bg_glass_65_ffffff_1x400.png]
[cdnjs.cloudflare.com/ajax/libs/jqueryui/1.12.1/themes/smoothness/images/ui-bg_glass_55_fbf9ee_1x400.png]
[cdnjs.cloudflare.com/ajax/libs/jqueryui/1.12.1/themes/smoothness/images/ui-bg_glass_95_fef1ec_1x400.png]
[cdnjs.cloudflare.com/ajax/libs/jqueryui/1.12.1/themes/smoothness/images/ui-icons_222222_256x240.png]
[cdnjs.cloudflare.com/ajax/libs/jqueryui/1.12.1/themes/smoothness/images/ui-icons_454545_256x240.png]
[cdnjs.cloudflare.com/ajax/libs/jqueryui/1.12.1/themes/smoothness/images/ui-icons_2e83ff_256x240.png]
[cdnjs.cloudflare.com/ajax/libs/jqueryui/1.12.1/themes/smoothness/images/ui-icons_cd0a0a_256x240.png]
[cdnjs.cloudflare.com/ajax/libs/jqueryui/1.12.1/themes/smoothness/jquery-ui.min.css]
[maxcdn.bootstrapcdn.com/bootstrap/4.0.0-beta.2/css/bootstrap.min.css]
[maxcdn.bootstrapcdn.com/font-awesome/4.7.0/css/font-awesome.min.css]
[cdnjs.cloudflare.com/ajax/libs/jqueryui/1.12.1/themes/smoothness/images/ui-icons_888888_256x240.png]
[cdnjs.cloudflare.com/ajax/libs/animate.css/3.5.2/animate.css]
[cdnjs.cloudflare.com/ajax/libs/bootstrap-select/1.12.4/css/bootstrap-select.min.css]
[cdnjs.cloudflare.com/ajax/libs/lightgallery/1.6.8/img/vimeo-play.png]
[cdnjs.cloudflare.com/ajax/libs/lightgallery/1.6.8/img/video-play.png]
[cdnjs.cloudflare.com/ajax/libs/lightgallery/1.6.8/img/youtube-play.png]
[cdnjs.cloudflare.com/ajax/libs/lightgallery/1.6.8/css/lightgallery.css]
[cdnjs.cloudflare.com/ajax/libs/lightgallery/1.6.8/img/loading.gif]
[cdnjs.cloudflare.com/ajax/libs/lightslider/1.1.6/img/controls.png]
[cdnjs.cloudflare.com/ajax/libs/lightslider/1.1.6/css/lightslider.css]
[www.sun-immobilier.fr/css/fonts/prd2db18.eot]
[www.sun-immobilier.fr/css/fonts/prd2db18.ttf]
[www.sun-immobilier.fr/css/fonts/prd2db18.woff]
[www.sun-immobilier.fr/css/fonts/newFontPrd264ed.eot]
[www.sun-immobilier.fr/css/fonts/newFontPrd264ed.ttf]
[www.sun-immobilier.fr/css/fonts/newFontPrd264ed.woff]
[www.sun-immobilier.fr/css/fonts/style.css]
[www.sun-immobilier.fr/images/famfamfam-flags.png]
[www.sun-immobilier.fr/images/panel1/1.jpg]
[www.sun-immobilier.fr/images/img-inner.jpg]
[www.sun-immobilier.fr/css/expre.css]
[www.googletagmanager.com/gtm5445.html]
[www.sun-immobilier.fr/a-louer/1.html]
[sunimmo.staticlbi.com/500x500/images/biens/1/6dd2b715bf1789209e96abfa516da519/original/af078ae3c75dc01716fcea7ff1758871.jpg]
[sunimmo.staticlbi.com/500x500/images/biens/6/d84af8984d04e97b323488a5041c7213/original/photo_045c37a9389b5c942964a0af72d664ec.jpg]
[sunimmo.staticlbi.com/500x500/images/biens/1/ff4187edd2478f7f6137e17e42c56f9b/original/30b2885e9727ce9c1b8cc998228822cf.jpg]
[sunimmo.staticlbi.com/500x500/images/biens/6/33fb60463f648378ea15aebf1e421ef4/original/photo_d895ceaeaba102188f5e59b5ad60b3d8.jpg]
[www.sun-immobilier.fr/images/no_bien.jpg]
[sunimmo.staticlbi.com/500x500/images/biens/1/de14ed9e320e9b8728f8253227906d1c/original/e59633a92bd1340018ae75031fd2ea1b.jpg]
[sunimmo.staticlbi.com/500x500/images/biens/1/0851abe69cad632f8d14d92f9d7b975e/original/35ef6c4b8a60561cafa8e6f4a231508c.jpg]
[sunimmo.staticlbi.com/500x500/images/biens/6/4ace63438288e52c14fb9876311f5e39/original/photo_4f0492ccabd78a182dbb3ff41e43c644.jpg]
[sunimmo.staticlbi.com/500x500/images/biens/1/492b8db29b1b4f34ccf1a8269d98759a/original/e3d5da0170e1c852683b3566e4d7c679.jpg]
[sunimmo.staticlbi.com/500x500/images/biens/6/cbf27c6d31d31d4e07d2066873752935/original/photo_4602366111aab41c0797dedf8334c9d7.jpg]
[www.sun-immobilier.fr/a-louer/3.html]
[sunimmo.staticlbi.com/500x500/images/biens/6/0db3a4f3513bccb8964be3e85fb2e2f8/original/photo_63f4b6a578ee9db185cbd15f0780a08e.jpg]
[sunimmo.staticlbi.com/500x500/images/biens/1/85b60492301417a3af427f42b1ceccc9/original/b887c01b66897e8424a279ea57cd6835.jpg]
[sunimmo.staticlbi.com/500x500/images/biens/6/0ce7eed600e311160d1725dc154576c0/original/photo_1d0dbd789c161334c6b48b1f9a1c5a39.jpg]
[sunimmo.staticlbi.com/500x500/images/biens/6/d6fbf24b885170fed5e564b6df314a9d/original/photo_7cfd9bf9c466cbc0a52b6fd8d0642783.jpg]
[sunimmo.staticlbi.com/500x500/images/biens/1/4cce68153889d638d20c69f9d8caa6eb/original/a67ae60784213fafa6f18aff3a914da1.jpg]
[www.sun-immobilier.fr/a-louer/4.html]
[www.sun-immobilier.fr/css/fonts/prd2db18.svg]
[www.sun-immobilier.fr/css/fonts/newFontPrd264ed.svg]
